[www.chessfactor.com/index.html]
[backblue.gif]
[fade.gif]
[index.html]
[www.chessfactor.com/static/images/icons/favicon.934aaf6d8dbd.png]
[www.chessfactor.com/static/styles/ext/externals.c2ce308ea7d8.css]
[www.chessfactor.com/static/scripts/polyfills/polyfills.02d3097bbc99.js]
[www.chessfactor.com/static/images/ext_images/logo-white.ee7fe87ccf42.svg]
[www.chessfactor.com/static/images/ext_images/figure-king.9717e775e43a.png]
[www.chessfactor.com/explore/index.html]
[www.chessfactor.com/static/images/ext_images/figure-horse.b804d5b111ef.png]
[www.chessfactor.com/accounts/signup/index.html]
[www.chessfactor.com/instructors/index.html]
[www.chessfactor.com/accounts/login/index.html]
[www.chessfactor.com/static/images/ext_images/figure-horse-sm.fdfc6a154d91.png]
[www.chessfactor.com/static/images/ext_images/sprite.93101c4bda9e.svg]
[www.chessfactor.com/static/images/ext_images/triangle.c45ba826a7a5.svg]
[www.chessfactor.com/static/images/ext_images/bg-effect.727cb0842bd4.png]
[www.chessfactor.com/static/images/ext_images/desc-1.f45b052043d9.png]
[www.chessfactor.com/static/images/ext_images/desc-2.756016e7b577.png]
[www.chessfactor.com/static/images/ext_images/desc-3.4e5e6e6ded6a.png]
[www.chessfactor.com/static/images/ext_images/desc-4.b0ffd4273f02.png]
[www.chessfactor.com/static/images/ext_images/screen-1.7d22ef7d121b.jpg]
[www.chessfactor.com/static/images/ext_images/screen-2.43e258d43dc4.jpg]
[www.chessfactor.com/static/images/ext_images/photo-1.7ee995af350d.png]
[www.chessfactor.com/static/images/ext_images/photo-2.ec1757c3ceed.png]
[www.chessfactor.com/static/images/ext_images/photo-3.7a1c0cc1285f.png]
[www.chessfactor.com/static/images/ext_images/ava-3.50d4ee1308a3.jpg]
[www.chessfactor.com/static/images/ext_images/ava-2.7a62f0c90c04.png]
[www.chessfactor.com/static/images/ext_images/ava-1.d94433603078.png]
[www.chessfactor.com/static/scripts/ext/external.dc2f7c1bbfac.js]
[www.chessfactor.com/about/index.html]
[www.chessfactor.com/static/scripts/ext/cookies.fee61f03874d.js]
[www.chessfactor.com/faq/index.html]
[www.chessfactor.com/pages/privacy/index.html]
[www.chessfactor.com/static/scripts/lib/bootstrap.fb81549ee289.js]
[www.chessfactor.com/index.html]
[www.chessfactor.com/pages/terms/index.html]
[www.chessfactor.com/static/fonts/ag-regular.e1322aceeb4a.eot]
[www.chessfactor.com/fonts/ag-regulard41d.eot]
[www.chessfactor.com/static/fonts/ag-regular.040e2b478852.woff]
[www.chessfactor.com/static/fonts/ag-regular.2f732eb1fd7b.ttf]
[www.chessfactor.com/static/images/ext_images/bg-form.d430a7be2659.jpg]
[www.chessfactor.com/static/images/ext_images/bg-privacy.84151be89341.jpg]
[www.chessfactor.com/static/images/ext_images/bg-faq.0c51deb8c193.jpg]
[www.chessfactor.com/static/images/ext_images/bg-mobile.3b9608759d84.jpg]
[www.chessfactor.com/static/images/ext_images/square.6e98e61450c9.png]
[www.chessfactor.com/static/images/ext_images/circle.d88f21b70ab1.png]
[www.chessfactor.com/static/images/ext_images/bg-faq-1.df4c7e5d03b7.jpg]
[www.chessfactor.com/static/images/ext_images/bg-maps.64331e66855c.jpg]
[www.chessfactor.com/static/images/ext_images/map.a3341903900a.png]
[www.chessfactor.com/static/images/ext_images/bg-review.bf174be9844f.jpg]
[www.chessfactor.com/static/images/ext_images/bg-home.077d3cd1b315.jpg]
[www.chessfactor.com/static/images/ext_images/lines.50319c3c937d.png]
[www.chessfactor.com/static/images/ext_images/bg-desc.c44f5f4372d0.jpg]
[www.chessfactor.com/static/images/ext_images/bg-platform.04b77240625d.jpg]
[www.chessfactor.com/static/images/ext_images/tv.cd394f3293b8.png]
[www.chessfactor.com/static/images/ext_images/bg-gallery.1df23fd01346.jpg]
[www.chessfactor.com/static/images/ext_images/bg-start.5da58862f546.jpg]
[www.chessfactor.com/static/images/ext_images/bg-about.f29b63690320.svg]
[www.chessfactor.com/static/images/ext_images/bg-chess1.bf44c3d6b011.png]
[www.chessfactor.com/static/images/ext_images/bg-motivation.e5a11493b31b.jpg]
[www.chessfactor.com/static/images/ext_images/bg-blockquote.136aedb44336.jpg]
[www.chessfactor.com/static/images/ext_images/bg-talk.b07a9924b443.jpg]
[www.chessfactor.com/static/images/ext_images/bg-support.d16f16443f4e.jpg]
[www.chessfactor.com/static/images/ext_images/bg-map.9374ac18a0e4.jpg]
[www.chessfactor.com/static/images/ext_images/bg-popup-inner.91ec29a89bea.jpg]
[www.chessfactor.com/static/images/ext_images/bg-pro-1.bd7ac086bae8.jpg]
[www.chessfactor.com/static/images/ext_images/bg-percent.e8bfe0c8964a.png]
[www.chessfactor.com/static/images/ext_images/bg-percent-purple.caa24a2fb6a5.png]
[www.chessfactor.com/static/images/ext_images/bg-table.64d0224bef9b.jpg]
[www.chessfactor.com/static/images/ext_images/bg-pro.4a2f357e3106.jpg]
[www.chessfactor.com/static/images/ext_images/bg-maps-sm.6568fbf2c91e.jpg]
[www.chessfactor.com/static/images/ext_images/map-sm.ae40b3b64299.png]
[www.chessfactor.com/static/images/ext_images/bg-home-sm.80bfb5f4c6fb.jpg]
[www.chessfactor.com/static/images/ext_images/lines-sm.6aedcabd22ef.png]
[www.chessfactor.com/static/images/ext_images/bg-desc-sm.5812ed2b7cd7.jpg]
[www.chessfactor.com/static/images/ext_images/bg-platform-sm.0d7320943862.jpg]
[www.chessfactor.com/static/images/ext_images/bg-gallery-sm.26b4d451484f.jpg]
[www.chessfactor.com/static/styles/ext/externals.c2ce308ea7d8.css]
[www.chessfactor.com/static/images/ext_images/logo-white.ee7fe87ccf42.svg]
[www.chessfactor.com/static/styles/main.fabccffb70aa.css]
[www.chessfactor.com/static/styles/ext/fix-confilcts-with-main.0652ece9f343.css]
[www.chessfactor.com/courses/243/description/index.html]
[files.chessfactor.com/instructor/891c5222e73543cba2bb154571d99eaa.thumbnail.jpg]
[www.chessfactor.com/courses/246/description/index.html]
[www.chessfactor.com/courses/260/description/index.html]
[files.chessfactor.com/instructor/839cf25953d247679795e8bf8febb29d.thumbnail.jpg]
[files.chessfactor.com/instructor/7d68389afe1840aa9dd46092a30fd0ac.thumbnail.jpg]
[www.chessfactor.com/courses/262/description/index.html]
[www.chessfactor.com/courses/304/description/index.html]
[www.chessfactor.com/courses/295/description/index.html]
[www.chessfactor.com/static/scripts/main.f765fd4a0cc2.js]
[www.chessfactor.com/courses/132/description/index.html]
[www.chessfactor.com/courses/247/description/index.html]
[www.chessfactor.com/courses/296/description/index.html]
[www.chessfactor.com/static/scripts/lib/slick.99cf8430b8d8.js]
[www.chessfactor.com/courses/167/description/index.html]
[www.chessfactor.com/explore/index.html]
[www.chessfactor.com/static/scripts/lib/jquery.formstyler.ba1b203c319c.js]
[www.chessfactor.com/courses/170/description/index.html]
[www.chessfactor.com/courses/171/description/index.html]
[www.chessfactor.com/explore/courses/index.html]
[files.chessfactor.com/instructor/5954a1a06aff4568addb05964bf0ec80.jpg]
[files.chessfactor.com/instructor/a0cc09400b6347e3b618936bc7983d92.jpg]
[files.chessfactor.com/instructor/af7a59783d3748fcbd0ef2ed29b48413.jpg]
[files.chessfactor.com/instructor/20d22bc871cd448a962d86261fd9cee1.jpg]
[files.chessfactor.com/instructor/f7d20916af9a4ba0b8e06b9ce6f0c33a.jpg]
[files.chessfactor.com/instructor/839cf25953d247679795e8bf8febb29d.jpg]
[files.chessfactor.com/instructor/71922ee4d8ac46f6b60d84065dfe4cec.jpg]
[files.chessfactor.com/instructor/5126eca2c66d47f196667b8cea9ebdd3.jpg]
[files.chessfactor.com/instructor/58f305321633478a8b56d069487064a8.jpg]
[files.chessfactor.com/instructor/0bcbf3a86b634ca8be54a9761275804e.jpg]
[files.chessfactor.com/instructor/891c5222e73543cba2bb154571d99eaa.jpg]
[files.chessfactor.com/instructor/7d68389afe1840aa9dd46092a30fd0ac.jpg]
[files.chessfactor.com/instructor/2b406afa5c264b369e1ee5aa03f91a46.jpg]
[files.chessfactor.com/instructor/fbce17965a1b4934b6e346df22d24f28.jpg]
[files.chessfactor.com/instructor/8fbbccaec8cc4c00b2b51d4aa67fb6e2.jpg]
[files.chessfactor.com/instructor/29792e42973849e8bdd0947e41fd59d8.jpg]
[www.chessfactor.com/instructors/index.html]
[www.chessfactor.com/static/images/ext_images/logo.1d9b76417b91.svg]
[www.chessfactor.com/static/images/ext_images/logo-sm.9b4e0033aa8a.svg]
[www.chessfactor.com/static/images/ext_images/logo-sm-white.0442f998226c.svg]
[www.chessfactor.com/accounts/signup/index.html]
[www.chessfactor.com/accounts/login/index.html]
[www.chessfactor.com/static/images/ext_images/sprite.93101c4bda9e.svg]
[www.chessfactor.com/static/images/ext_images/triangle.c45ba826a7a5.svg]
[www.chessfactor.com/accounts/password/reset/index.html]
[www.chessfactor.com/static/images/ext_images/emoji-1.3cb08e4c4505.svg]
[www.chessfactor.com/static/images/ext_images/emoji-2.a3cea3c639f3.svg]
[www.chessfactor.com/static/images/ext_images/emoji-3.a7c7a5e48744.svg]
[www.chessfactor.com/cdn-cgi/l/email-protection.html]
[www.chessfactor.com/static/images/ext_images/marker.1e2e1649b297.png]
[www.chessfactor.com/about/index.html]
[www.chessfactor.com/faq/index.html]
[www.chessfactor.com/cdn-cgi/scripts/5c5dd728/cloudflare-static/email-decode.min.js]
[www.chessfactor.com/pages/privacy/index.html]
[www.chessfactor.com/pages/terms/index.html]
[www.chessfactor.com/fonts/ag-regulard41d.html]
[www.chessfactor.com/static/images/ext_images/bg-about.f29b63690320.svg]
[www.chessfactor.com/static/fonts/glyphicons-halflings-regular.f4769f9bdb74.eot]
[www.chessfactor.com/static/fonts/glyphicons-halflings-regular.f4769f9bdb74d41d.eot]
[www.chessfactor.com/static/fonts/glyphicons-halflings-regular.448c34a56d69.woff2]
[www.chessfactor.com/static/fonts/glyphicons-halflings-regular.fa2772327f55.woff]
[www.chessfactor.com/static/fonts/glyphicons-halflings-regular.e18bbf611f2a.ttf]
[www.chessfactor.com/static/fonts/glyphicons-halflings-regular.89889688147b.svg]
[www.chessfactor.com/static/images/arrow.6511c53fa9a1.png]
[www.chessfactor.com/static/images/info.6e9aa9b1aea0.svg]
[www.chessfactor.com/static/images/icons/lc-loading.33aa6267ea81.svg]
[www.chessfactor.com/static/fonts/sfnsdisplay-webfont.12745c814f04.woff2]
[www.chessfactor.com/static/fonts/sfnsdisplay-webfont.50842904b818.woff]
[www.chessfactor.com/static/fonts/gotham-bold.35b1157a9fb0.eot]
[www.chessfactor.com/static/fonts/gotham-bold.35b1157a9fb0d41d.eot]
[www.chessfactor.com/static/fonts/gotham-bold.f5cfc42e97cd.woff]
[www.chessfactor.com/static/fonts/gotham-bold.45aa54635ee8.ttf]
[www.chessfactor.com/static/fonts/gotham-light.00565e2c1471.eot]
[www.chessfactor.com/static/fonts/gotham-light.00565e2c1471d41d.eot]
[www.chessfactor.com/static/fonts/gotham-light.3c6c14f0c938.woff]
[www.chessfactor.com/static/fonts/gotham-light.792e5785377b.ttf]
[www.chessfactor.com/static/fonts/gotham-medium.059c21bbbd48.eot]
[www.chessfactor.com/static/fonts/gotham-medium.059c21bbbd48d41d.eot]
[www.chessfactor.com/static/fonts/gotham-medium.597a8cbee739.woff]
[www.chessfactor.com/static/fonts/gotham-medium.7099ae8bd4ec.ttf]
[www.chessfactor.com/static/fonts/gotham-regular.a5304a033336.eot]
[www.chessfactor.com/static/fonts/gotham-regular.a5304a033336d41d.eot]
[www.chessfactor.com/static/fonts/gotham-regular.5ce3bc30d9e3.woff]
[www.chessfactor.com/static/fonts/gotham-regular.2be5884cfacf.ttf]
[www.chessfactor.com/static/fonts/icons.5b664730ed58941d.eot]
[www.chessfactor.com/static/fonts/icons.e707be0bf96a941d.ttf]
[www.chessfactor.com/static/fonts/icons.50eba9b20e2a941d.woff]
[www.chessfactor.com/static/fonts/icons.52184402645b941d.svg]
[www.chessfactor.com/static/fonts/iconspart2.f0df7bea547f307b.eot]
[www.chessfactor.com/static/fonts/iconspart2.13932da76dc1307b.ttf]
[www.chessfactor.com/static/fonts/iconspart2.ac815b0cdd9b307b.woff]
[www.chessfactor.com/static/fonts/iconspart2.b7c2342434c7307b.svg]
[www.chessfactor.com/static/fonts/iconspart3.912de7bfb537f6dd.eot]
[www.chessfactor.com/static/fonts/iconspart3.623f057e5204f6dd.ttf]
[www.chessfactor.com/static/fonts/iconspart3.c7c0eacade5bf6dd.woff]
[www.chessfactor.com/static/fonts/iconspart3.148644bd6b78f6dd.svg]
[www.chessfactor.com/static/images/icons/video-3d.7604311bf8fb.svg]
[www.chessfactor.com/static/images/ext_icons/play.5c9a14864ad0.svg]
[www.chessfactor.com/static/images/ext_icons/shield.e9faef8063aa.svg]
[www.chessfactor.com/static/images/backgrouns/1.7080665a8d69.png]
[www.chessfactor.com/static/images/map.642423781487.png]
[www.chessfactor.com/static/images/marker.96188641ddf7.png]
[www.chessfactor.com/static/images/langs/new/austria.dd9515ba71f2.svg]
[www.chessfactor.com/static/images/langs/new/usa.936feee6e806.svg]
[www.chessfactor.com/static/images/langs/new/netherlands.ebcd669e6540.svg]
[www.chessfactor.com/static/images/langs/new/turkey.ffeaeaa6f274.svg]
[www.chessfactor.com/static/images/langs/new/hungary.85015780d133.svg]
[www.chessfactor.com/static/images/langs/new/chile.174eee37e188.svg]
[www.chessfactor.com/static/images/langs/new/bulgaria.378dea1818d7.svg]
[www.chessfactor.com/static/images/langs/new/ukraine.9a8f121ded2a.svg]
[www.chessfactor.com/static/images/langs/new/ireland.1b45bacee151.svg]
[www.chessfactor.com/static/images/web.26ecaa839bc4.svg]
[www.chessfactor.com/static/images/web-hover.22cbba3ceaff.svg]
[www.chessfactor.com/static/images/fide.427e96a18e2f.svg]
[www.chessfactor.com/static/images/fide-hover.0c1c732f4657.svg]
[www.chessfactor.com/static/images/repertoire/edit.2d1f9c0cde17.svg]
[www.chessfactor.com/static/images/repertoire/edit-h.f8e712bd4d71.svg]
[www.chessfactor.com/static/images/repertoire/del-h.dc97d781a756.svg]
[www.chessfactor.com/static/images/repertoire/del.f27c839493d3.svg]
[www.chessfactor.com/static/images/big-check.e327528553aa.png]
[www.chessfactor.com/static/images/repertoire/menu.61be674b0627.png]
[www.chessfactor.com/static/images/controll/c-left.f8ef8772858b.png]
[www.chessfactor.com/static/images/controll/c-prev.708ab6158397.png]
[www.chessfactor.com/static/images/controll/c-reload.ba42f976d2cc.png]
[www.chessfactor.com/static/images/controll/c-next.478ec6035627.png]
[www.chessfactor.com/static/images/controll/c-right.1ecb2d0dda40.png]
[www.chessfactor.com/static/images/chapter/icon2.0a7f5f883967.svg]
[www.chessfactor.com/static/images/ext_images/bg-mountains.5dc30359b5f3.png]
[www.chessfactor.com/static/images/ext_icons/play-video.6569090c68b1.png]
[www.chessfactor.com/static/images/ext_images/cdp-subheader-mobile.32c276734fe9.png]
[www.chessfactor.com/static/images/ext_images/cdp-subheader.4abf56c0e218.png]
[www.chessfactor.com/static/images/com-like.ee9c0b7c9c82.svg]
[www.chessfactor.com/static/images/com-like-hover.027568d682d8.svg]
[www.chessfactor.com/static/images/com-back.8eb81edc62ee.svg]
[www.chessfactor.com/static/images/com-back-hover.dd902ae35390.svg]
[www.chessfactor.com/static/images/com-share.a3ebef1e3128.svg]
[www.chessfactor.com/static/images/com-share-hover.5f02daa16f35.svg]
[www.chessfactor.com/static/images/thumbs/flag1.32f92cda17fc.png]
[www.chessfactor.com/static/images/thumbs/flag2.58258c1a1603.png]
[www.chessfactor.com/static/images/thumbs/flag3.3d533cf11c09.png]
[www.chessfactor.com/static/images/thumbs/flag4.16e340746e44.png]
[www.chessfactor.com/static/images/2arr-left.f8ef8772858b.png]
[www.chessfactor.com/static/images/arr-left.708ab6158397.png]
[www.chessfactor.com/static/images/arr-right.478ec6035627.png]
[www.chessfactor.com/static/images/2arr-right.1ecb2d0dda40.png]
[www.chessfactor.com/static/images/coupon.b39c311ee8f5.svg]
[www.chessfactor.com/static/images/payments/paypal-mini.98bdcc7db1e7.png]
[www.chessfactor.com/static/images/carticon.87fd7c77c7c6.svg]
[www.chessfactor.com/static/images/chessbg.179818c6059f.jpg]
[www.chessfactor.com/static/images/leaderboard-badge.24f9ddd8737d.png]
[www.chessfactor.com/static/images/greencorner.5ee236a732de.png]
[www.chessfactor.com/static/images/redcorner.81bc3b16a389.png]
[www.chessfactor.com/static/images/tag.949397bd94fc.svg]
[www.chessfactor.com/static/images/att.886fa28a86da.png]
[www.chessfactor.com/static/images/dln.2a30e0a24ea8.png]
[www.chessfactor.com/static/images/lock-bg.89830722a5de.png]
[www.chessfactor.com/static/images/lockpro-bg.b5e0adb3d1af.png]
[www.chessfactor.com/static/images/thumbs/userpic.2098cf3cb963.png]
[www.chessfactor.com/static/images/duration.36b9055a692a.svg]
[www.chessfactor.com/static/images/welcomebox-triangle.ac1e13ee5090.png]
[www.chessfactor.com/static/images/backgrouns/2.1f797530b482.jpg]
[www.chessfactor.com/static/images/teams/header.0ae3aedc76f2.jpg]
[www.chessfactor.com/static/images/teams/icon1.a9037ef14c3d.svg]
[www.chessfactor.com/static/images/teams/icon2.6c75849f520a.svg]
[www.chessfactor.com/static/images/teams/icon3.71459161a0a8.svg]
[www.chessfactor.com/static/images/teams/icon1-h.6c4cf7b63e12.svg]
[www.chessfactor.com/static/images/teams/icon2-h.a22e84d584f9.svg]
[www.chessfactor.com/static/images/teams/icon3-h.2c9bccff6418.svg]
[www.chessfactor.com/static/images/teams/create-class.1267f2cd45a6.svg]
[www.chessfactor.com/static/images/ext_icons/arrow-prev.de5fbf8c5e4f.svg]
[www.chessfactor.com/static/images/ext_icons/arrow-next.ad057ad48fde.svg]
[www.chessfactor.com/static/images/big-check-violet.49283028947d.png]
[www.chessfactor.com/static/styles/main.fabccffb70aa.css]
[www.chessfactor.com/static/styles/ext/fix-confilcts-with-main.0652ece9f343.css]
[www.chessfactor.com/static/styles/fontawesome.893363989235.css]
[www.chessfactor.com/accounts/login/indexf9fb.html]
[img.youtube.com/vi/K2ERlrt0aEQ/maxresdefault.jpg]
[www.chessfactor.com/static/images/unlock-cource.a242a6027f53.png]
[code.jquery.com/jquery-1.11.0.min.js]
[www.chessfactor.com/static/scripts/lib/jquery.knob.min.e708020309de.js]
[www.chessfactor.com/courses/243/description/index.html]
[img.youtube.com/vi/YeB4lc12CUs/maxresdefault.jpg]
[www.chessfactor.com/static/scripts/lib/select2.b8f26dd6733c.js]
[www.chessfactor.com/courses/246/description/index.html]
[code.jquery.com/ui/1.12.1/jquery-ui.js]
[www.chessfactor.com/accounts/login/index1c71.html]
[www.chessfactor.com/courses/260/description/index.html]
[www.chessfactor.com/accounts/login/index9153.html]
[www.chessfactor.com/courses/304/description/index.html]
[www.chessfactor.com/accounts/login/index131b.html]
[www.chessfactor.com/courses/262/description/index.html]
[www.chessfactor.com/accounts/login/indexb2b7.html]
[www.chessfactor.com/courses/295/description/index.html]
[www.chessfactor.com/courses/247/description/index.html]
[www.chessfactor.com/accounts/login/indexe17a.html]
[www.chessfactor.com/accounts/login/index3778.html]
[www.chessfactor.com/courses/296/description/index.html]
[www.chessfactor.com/accounts/login/index11a8.html]
[www.chessfactor.com/courses/132/description/index.html]
[www.chessfactor.com/courses/167/description/index.html]
[www.chessfactor.com/courses/170/description/index.html]
[www.chessfactor.com/courses/171/description/index.html]
[www.chessfactor.com/accounts/login/index1c0f.html]
[www.chessfactor.com/explore/courses/index.html]
[www.chessfactor.com/static/images/ext_images/logo.1d9b76417b91.svg]
[www.chessfactor.com/static/images/ext_images/logo-sm.9b4e0033aa8a.svg]
[www.chessfactor.com/static/images/ext_images/logo-sm-white.0442f998226c.svg]
[www.chessfactor.com/accounts/facebook/login/index.html]
[www.chessfactor.com/accounts/password/reset/index.html]
[www.chessfactor.com/static/images/ext_images/emoji-1.3cb08e4c4505.svg]
[www.chessfactor.com/static/images/ext_images/emoji-2.a3cea3c639f3.svg]
[www.chessfactor.com/static/images/ext_images/emoji-3.a7c7a5e48744.svg]
[www.chessfactor.com/cdn-cgi/l/email-protection.html]
[www.chessfactor.com/static/fonts/glyphicons-halflings-regular.89889688147b.svg]
[www.chessfactor.com/static/images/info.6e9aa9b1aea0.svg]
[www.chessfactor.com/static/images/icons/lc-loading.33aa6267ea81.svg]
[www.chessfactor.com/static/fonts/icons.52184402645b941d.svg]
[www.chessfactor.com/static/fonts/iconspart2.b7c2342434c7307b.svg]
[www.chessfactor.com/static/fonts/iconspart3.148644bd6b78f6dd.svg]
[www.chessfactor.com/static/images/icons/video-3d.7604311bf8fb.svg]
[www.chessfactor.com/static/images/ext_icons/play.5c9a14864ad0.svg]
[www.chessfactor.com/static/images/ext_icons/shield.e9faef8063aa.svg]
[www.chessfactor.com/static/images/langs/new/austria.dd9515ba71f2.svg]
[www.chessfactor.com/static/images/langs/new/usa.936feee6e806.svg]
[www.chessfactor.com/static/images/langs/new/netherlands.ebcd669e6540.svg]
[www.chessfactor.com/static/images/langs/new/turkey.ffeaeaa6f274.svg]
[www.chessfactor.com/static/images/langs/new/hungary.85015780d133.svg]
[www.chessfactor.com/static/images/langs/new/chile.174eee37e188.svg]
[www.chessfactor.com/static/images/langs/new/bulgaria.378dea1818d7.svg]
[www.chessfactor.com/static/images/langs/new/ukraine.9a8f121ded2a.svg]
[www.chessfactor.com/static/images/langs/new/ireland.1b45bacee151.svg]
[www.chessfactor.com/static/images/web.26ecaa839bc4.svg]
[www.chessfactor.com/static/images/web-hover.22cbba3ceaff.svg]
[www.chessfactor.com/static/images/fide.427e96a18e2f.svg]
[www.chessfactor.com/static/images/fide-hover.0c1c732f4657.svg]
[www.chessfactor.com/static/images/repertoire/edit.2d1f9c0cde17.svg]
[www.chessfactor.com/static/images/repertoire/edit-h.f8e712bd4d71.svg]
[www.chessfactor.com/static/images/repertoire/del-h.dc97d781a756.svg]
[www.chessfactor.com/static/images/repertoire/del.f27c839493d3.svg]
[www.chessfactor.com/static/images/chapter/icon2.0a7f5f883967.svg]
[www.chessfactor.com/static/images/com-like.ee9c0b7c9c82.svg]
[www.chessfactor.com/static/images/com-like-hover.027568d682d8.svg]
[www.chessfactor.com/static/images/com-back.8eb81edc62ee.svg]
[www.chessfactor.com/static/images/com-back-hover.dd902ae35390.svg]
[www.chessfactor.com/static/images/com-share.a3ebef1e3128.svg]
[www.chessfactor.com/static/images/com-share-hover.5f02daa16f35.svg]
[www.chessfactor.com/static/images/coupon.b39c311ee8f5.svg]
[www.chessfactor.com/static/images/carticon.87fd7c77c7c6.svg]
[www.chessfactor.com/static/images/tag.949397bd94fc.svg]
[www.chessfactor.com/static/images/duration.36b9055a692a.svg]
[www.chessfactor.com/static/images/teams/icon1.a9037ef14c3d.svg]
[www.chessfactor.com/static/images/teams/icon2.6c75849f520a.svg]
[www.chessfactor.com/static/images/teams/icon3.71459161a0a8.svg]
[www.chessfactor.com/static/images/teams/icon1-h.6c4cf7b63e12.svg]
[www.chessfactor.com/static/images/teams/icon2-h.a22e84d584f9.svg]
[www.chessfactor.com/static/images/teams/icon3-h.2c9bccff6418.svg]
[www.chessfactor.com/static/images/teams/create-class.1267f2cd45a6.svg]
[www.chessfactor.com/static/images/ext_icons/arrow-prev.de5fbf8c5e4f.svg]
[www.chessfactor.com/static/images/ext_icons/arrow-next.ad057ad48fde.svg]
[www.chessfactor.com/accounts/login/indexf731.html]
[www.chessfactor.com/static/styles/fontawesome.893363989235.css]
[www.chessfactor.com/accounts/login/indexf9fb.html]
[use.fontawesome.com/releases/v4.6.3/css/font-awesome-css.min.css]
[www.chessfactor.com/courses/243/unlock/indexf9fb.html]
[www.chessfactor.com/accounts/login/index63d7.html]
[www.chessfactor.com/accounts/login/index1c71.html]
[www.chessfactor.com/courses/246/unlock/index1c71.html]
[www.chessfactor.com/accounts/login/index9153.html]
[www.chessfactor.com/accounts/login/index8f5a.html]
[www.chessfactor.com/courses/260/unlock/index9153.html]
[www.chessfactor.com/accounts/login/index7d7a.html]
[www.chessfactor.com/accounts/login/index131b.html]
[www.chessfactor.com/courses/304/unlock/index131b.html]
[www.chessfactor.com/accounts/login/index1083.html]
[www.chessfactor.com/accounts/login/indexb2b7.html]
[www.chessfactor.com/courses/262/unlock/indexb2b7.html]
[www.chessfactor.com/accounts/login/indexfeac.html]
[www.chessfactor.com/accounts/login/indexe17a.html]
[www.chessfactor.com/courses/295/unlock/indexe17a.html]
[www.chessfactor.com/accounts/login/indexb5b2.html]
[www.chessfactor.com/accounts/login/index3778.html]
[www.chessfactor.com/courses/247/unlock/index3778.html]
[www.chessfactor.com/accounts/login/index40e6.html]
[www.chessfactor.com/accounts/login/index11a8.html]
[www.chessfactor.com/courses/296/unlock/index11a8.html]
[www.chessfactor.com/accounts/login/index1c0f.html]
[www.chessfactor.com/courses/170/unlock/index1c0f.html]
[www.chessfactor.com/accounts/login/indexf731.html]
[www.chessfactor.com/accounts/login/indexff40.html]
[www.chessfactor.com/courses/171/unlock/indexf731.html]
[www.chessfactor.com/accounts/login/indexe640.html]
[use.fontawesome.com/releases/v4.6.3/css/font-awesome-css.min.css]
[www.chessfactor.com/accounts/facebook/login/indexfe81.html]
[www.chessfactor.com/accounts/login/index63d7.html]
[www.chessfactor.com/accounts/facebook/login/index702d.html]
[www.chessfactor.com/accounts/login/index8f5a.html]
[www.chessfactor.com/accounts/facebook/login/indexb015.html]
[www.chessfactor.com/accounts/login/index7d7a.html]
[www.chessfactor.com/accounts/facebook/login/index8bf0.html]
[www.chessfactor.com/accounts/login/index1083.html]
[www.chessfactor.com/accounts/facebook/login/index331e.html]
[www.chessfactor.com/accounts/login/indexfeac.html]
[www.chessfactor.com/accounts/facebook/login/index3f26.html]
[www.chessfactor.com/accounts/login/indexb5b2.html]
[www.chessfactor.com/accounts/facebook/login/index6d9d.html]
[www.chessfactor.com/accounts/login/index40e6.html]
[www.chessfactor.com/accounts/facebook/login/index8982.html]
[www.chessfactor.com/accounts/login/indexfd7d.html]
[www.chessfactor.com/accounts/login/indexd54f.html]
[www.chessfactor.com/accounts/login/indexb693.html]
[www.chessfactor.com/courses/167/unlock/indexb693.html]
[www.chessfactor.com/accounts/login/indexbd90.html]
[www.chessfactor.com/accounts/facebook/login/indexbe67.html]
[www.chessfactor.com/accounts/login/indexff40.html]
[www.chessfactor.com/accounts/facebook/login/index83d2.html]
[www.chessfactor.com/accounts/login/indexe640.html]
[www.chessfactor.com/accounts/facebook/login/index642a.html]
[www.chessfactor.com/accounts/facebook/login/indexeff9.html]
[www.chessfactor.com/accounts/facebook/login/index82cf.html]
[www.chessfactor.com/accounts/facebook/login/indexbb3d.html]
[www.chessfactor.com/accounts/facebook/login/index0c87.html]
[www.chessfactor.com/accounts/facebook/login/indexcfca.html]
[www.chessfactor.com/accounts/facebook/login/index1a5e.html]
[www.chessfactor.com/accounts/login/indexfd7d.html]
[www.chessfactor.com/accounts/login/indexd54f.html]
[www.chessfactor.com/courses/132/unlock/indexd54f.html]
[www.chessfactor.com/accounts/login/indexb693.html]
[www.chessfactor.com/accounts/login/indexbd90.html]
[www.chessfactor.com/accounts/facebook/login/indexdedf.html]
[www.chessfactor.com/accounts/facebook/login/index1953.html]
[www.chessfactor.com/accounts/facebook/login/indexb9fd.html]
[www.chessfactor.com/accounts/facebook/login/indexf5da.html]
[www.chessfactor.com/accounts/facebook/login/index7f29.html]
[www.chessfactor.com/accounts/login/index7d82.html]
[www.chessfactor.com/accounts/facebook/login/indexe40e.html]
[www.chessfactor.com/accounts/login/index7d82.html]
[www.chessfactor.com/accounts/facebook/login/index7da3.html]
